<?xml version="1.0" encoding="utf-8"?><testsuites><testsuite name="pytest" errors="0" failures="0" skipped="0" tests="6" time="0.188" timestamp="2024-12-24T18:41:11.354647-05:00" hostname="Macmini"><testcase classname="tests.core.test_atom" name="test_atom_mass" file="tests/core/test_atom.py" line="6" time="0.001" /><testcase classname="tests.core.test_chain" name="test_chain_residues" file="tests/core/test_chain.py" line="8" time="0.000" /><testcase classname="tests.core.test_protein_structure" name="test_protein_structure_sequence" file="tests/core/test_protein_structure.py" line="9" time="0.000" /><testcase classname="tests.core.test_protein_structure" name="test_protein_structure_multiple_chains" file="tests/core/test_protein_structure.py" line="22" time="0.000" /><testcase classname="tests.core.test_residue" name="test_residue_one_letter_code" file="tests/core/test_residue.py" line="7" time="0.000" /><testcase classname="tests.core.test_residue" name="test_residue_atoms" file="tests/core/test_residue.py" line="18" time="0.000" /></testsuite></testsuites>